>>Lorem ipsum dolor sit amet, pro eu soleat civibus. Mel quas sensibus
>>te. Noster nominati recteque no has.

> Lorem ipsum dolor sit amet, pro eu soleat civibus. Mel quas sensibus
> te. Noster nominati recteque no has.

Lorem ipsum dolor sit amet, pro eu soleat civibus. Mel quas sensibus
te. Noster nominati recteque no has.