Lorem ipsum dolor sit amet, pro eu soleat civibus. Mel quas sensibus

[0]: https://long.long.long.long.long.long.long.long.long.long.long.example.com

[1] - https://long.long.long.long.long.long.long.long.long.long.long.example.com

[2] https://long.long.long.long.long.long.long.long.long.long.long.example.com