> Lorem ipsum dolor sit amet, consectetur adipiscing elit, sed do
> eiusmod tempor. Lorem ipsum dolor sit amet, consectetur adipiscing
> elit, sed do eiusmod tempor. Lorem ipsum dolor sit amet, consectetur
> adipiscing elit, sed do eiusmod tempor

Lorem ipsum dolor sit amet, consectetur adipiscing elit, sed do
eiusmod tempor. Lorem ipsum dolor sit amet, consectetur adipiscing
elit, sed do eiusmod tempor. Lorem `ipsum` dolor sit amet,
`consectetur adipiscing` elit, sed do eiusmod tempor

| def hello_world():
|   print('hello')
|   if True:
|     print('world')
|   print('!!!')
| 
| hello_world()