Lorem ipsum dolor sit amet, pro eu soleat civibus.

| lambda L: [] if L==[] else qsort([x for x in L[1:] if x< L[0]]) + L[0:1] + qsort([x for x in L[1:] if x>=L[0]])

Mel quas sensibus te. Noster nominati recteque no has.