Lorem ipsum dolor sit amet, consectetur adipiscing elit

> Lorem ipsum dolor sit amet, consectetur adipiscing elit, example
> https://example.com/ sed do eiusmod tempor. Lorem ipsum dolor sit
> amet, consectetur adipiscing elit, sed do eiusmod tempor. Lorem
> ipsum dolor sit amet, consectetur `adipiscing elit`, sed do eiusmod
> tempor
> 
>> Lorem ipsum /dolor/ *sit
>> dolor* amet, consectetur adipiscing elit
>> 
>> ------------------------------------------------------------------
>> 
>> Lorem ipsum dolor sit amet, consectetur adipiscing elit, sed do
>> eiusmod tempor. Lorem ipsum dolor sit amet, consectetur adipiscing
>> elit, sed do eiusmod tempor. Lorem ipsum dolor sit amet,
>> consectetur adipiscing elit, sed do eiusmod tempor
> 
> Lorem ipsum dolor sit amet, consectetur adipiscing elit, sed do
> eiusmod tempor. Lorem ipsum dolor sit amet, consectetur adipiscing
> elit, sed do eiusmod tempor. Lorem ipsum dolor sit amet, consectetur
> adipiscing elit, sed do eiusmod tempor

Lorem ipsum dolor sit amet, consectetur adipiscing elit